tests/tezt/_regressions/tests/OK/hott.dk_pretty.out

./dedukti.native beautify --no-color -q beautify tests/OK/hott.dk
[ERROR CODE:SYSTEM]  [beautify] 
beautify: No such file or directory

